// Jest Snapshot v1, https://goo.gl/fbAQLP

exports[`ListItem should render list item 1`] = `
<ContextConsumer>
  <Component />
</ContextConsumer>
`;

exports[`renders correctly 1`] = `
<tr
  className="wrapper"
>
  <td>
    2
  </td>
  <td>
    <a
      href="/itemview/Rzeszów"
      onClick={[Function]}
    >
      Rzeszów
    </a>
  </td>
  <td>
    25
     
    <span>
      °F
    </span>
  </td>
  <td>
    <button
      className="button btn btn-outline-danger"
      disabled={false}
      onClick={[Function]}
      type="button"
    >
      <span
        aria-hidden={true}
        className="fa fa-remove fa-1px icon"
      />
      Usuń
    </button>
  </td>
</tr>
`;
