// Jest Snapshot v1, https://goo.gl/fbAQLP

exports[`Form.js should render list item 1`] = `
<ContextConsumer>
  <Component />
</ContextConsumer>
`;

exports[`ListItem should render list item 1`] = `
<ContextConsumer>
  <Component />
</ContextConsumer>
`;

exports[`renders correctly 1`] = `
<form
  className="wrapper"
  onSubmit={[Function]}
>
  <div
    className="items form-group"
  >
    <input
      autoComplete="off"
      className="text form-control"
      id="addCityForm"
      onChange={[Function]}
      placeholder="Podaj miasto"
      type="text"
    />
    <button
      className="btn btn btn-primary"
      disabled={false}
      type="submit"
    >
      Dodaj
    </button>
  </div>
</form>
`;
