// Jest Snapshot v1, https://goo.gl/fbAQLP

exports[`SettingsBar.js should render list item 1`] = `
<div
  className="wrapper"
>
  <Button
    active={false}
    disabled={false}
    type="button"
    variant="outline-primary"
  >
    <Link
      to="/settings"
    >
      <FontAwesome
        className="icon"
        name="gears"
        size="1px"
      />
      Ustawienia
    </Link>
  </Button>
</div>
`;

exports[`SettingsBar.js should render settings bar 1`] = `
<div
  className="wrapper"
>
  <Button
    active={false}
    disabled={false}
    type="button"
    variant="outline-primary"
  >
    <Link
      to="/settings"
    >
      <FontAwesome
        className="icon"
        name="gears"
        size="1px"
      />
      Ustawienia
    </Link>
  </Button>
</div>
`;

exports[`renders correctly 1`] = `
<div
  className="wrapper"
>
  <button
    className="btn btn-outline-primary"
    disabled={false}
    type="button"
  >
    <a
      href="/settings"
      onClick={[Function]}
    >
      <span
        aria-hidden={true}
        className="fa fa-gears fa-1px icon"
      />
      Ustawienia
    </a>
  </button>
</div>
`;
